
===========================================================================
report_checks -unconstrained
===========================================================================
======================= Typical Corner ===================================

No paths found.


===========================================================================
report_checks --slack_max -0.01
============================================================================
======================= Typical Corner ===================================

No paths found.


===========================================================================
 report_check_types -max_slew -max_cap -max_fanout -violators
============================================================================
======================= Typical Corner ===================================


max slew violations count Typical: 0
max fanout violations count Typical: 0
max cap violations count Typical: 0

===========================================================================
report_parasitic_annotation -report_unannotated
============================================================================
Found 131 unannotated drivers.
 clk
 control
 reset
 _00_/HI
 _00_/LO
 _01_/HI
 _01_/LO
 _02_/HI
 _02_/LO
 _03_/HI
 _03_/LO
 _04_/HI
 _04_/LO
 _05_/HI
 _05_/LO
 _06_/HI
 _06_/LO
 _07_/HI
 _07_/LO
 _08_/HI
 _08_/LO
 _09_/HI
 _09_/LO
 _10_/HI
 _10_/LO
 _11_/HI
 _11_/LO
 _12_/HI
 _12_/LO
 _13_/HI
 _13_/LO
 _14_/HI
 _14_/LO
 _15_/HI
 _15_/LO
 _16_/HI
 _16_/LO
 _17_/HI
 _17_/LO
 _18_/HI
 _18_/LO
 _19_/HI
 _19_/LO
 _20_/HI
 _20_/LO
 _21_/HI
 _21_/LO
 _22_/HI
 _22_/LO
 _23_/HI
 _23_/LO
 _24_/HI
 _24_/LO
 _25_/HI
 _25_/LO
 _26_/HI
 _26_/LO
 _27_/HI
 _27_/LO
 _28_/HI
 _28_/LO
 _29_/HI
 _29_/LO
 _30_/HI
 _30_/LO
 _31_/HI
 _31_/LO
 _32_/HI
 _32_/LO
 _33_/HI
 _33_/LO
 _34_/HI
 _34_/LO
 _35_/HI
 _35_/LO
 _36_/HI
 _36_/LO
 _37_/HI
 _37_/LO
 _38_/HI
 _38_/LO
 _39_/HI
 _39_/LO
 _40_/HI
 _40_/LO
 _41_/HI
 _41_/LO
 _42_/HI
 _42_/LO
 _43_/HI
 _43_/LO
 _44_/HI
 _44_/LO
 _45_/HI
 _45_/LO
 _46_/HI
 _46_/LO
 _47_/HI
 _47_/LO
 _48_/HI
 _48_/LO
 _49_/HI
 _49_/LO
 _50_/HI
 _50_/LO
 _51_/HI
 _51_/LO
 _52_/HI
 _52_/LO
 _53_/HI
 _53_/LO
 _54_/HI
 _54_/LO
 _55_/HI
 _55_/LO
 _56_/HI
 _56_/LO
 _57_/HI
 _57_/LO
 _58_/HI
 _58_/LO
 _59_/HI
 _59_/LO
 _60_/HI
 _60_/LO
 _61_/HI
 _61_/LO
 _62_/HI
 _62_/LO
 _63_/HI
 _63_/LO
Found 0 partially unannotated drivers.

===========================================================================
max slew violation count 0
max fanout violation count 0
max cap violation count 0
============================================================================

===========================================================================
check_setup -verbose -unconstrained_endpoints -multiple_clock -no_clock -no_input_delay -loops -generated_clocks
===========================================================================
Warning: There are 2 input ports missing set_input_delay.
  control
  reset
Warning: There are 64 unconstrained endpoints.
  result1[0]
  result1[10]
  result1[11]
  result1[12]
  result1[13]
  result1[14]
  result1[15]
  result1[16]
  result1[17]
  result1[18]
  result1[19]
  result1[1]
  result1[20]
  result1[21]
  result1[22]
  result1[23]
  result1[24]
  result1[25]
  result1[26]
  result1[27]
  result1[28]
  result1[29]
  result1[2]
  result1[30]
  result1[31]
  result1[3]
  result1[4]
  result1[5]
  result1[6]
  result1[7]
  result1[8]
  result1[9]
  result2[0]
  result2[10]
  result2[11]
  result2[12]
  result2[13]
  result2[14]
  result2[15]
  result2[16]
  result2[17]
  result2[18]
  result2[19]
  result2[1]
  result2[20]
  result2[21]
  result2[22]
  result2[23]
  result2[24]
  result2[25]
  result2[26]
  result2[27]
  result2[28]
  result2[29]
  result2[2]
  result2[30]
  result2[31]
  result2[3]
  result2[4]
  result2[5]
  result2[6]
  result2[7]
  result2[8]
  result2[9]
