
===========================================================================
report_checks -unconstrained
===========================================================================
======================= Typical Corner ===================================

Startpoint: _9061_ (rising edge-triggered flip-flop clocked by CLK)
Endpoint: _9061_ (rising edge-triggered flip-flop clocked by CLK)
Path Group: CLK
Path Type: max

Fanout     Cap    Slew   Delay    Time   Description
-----------------------------------------------------------------------------
                          0.00    0.00   clock CLK (rise edge)
                          0.00    0.00   clock source latency
     1    0.03    0.00    0.00    0.00 ^ CLK (in)
                                         CLK (net)
                  0.00    0.00    0.00 ^ clkbuf_0_CLK/A (sky130_fd_sc_hd__clkbuf_16)
     8    0.06    0.08    0.14    0.14 ^ clkbuf_0_CLK/X (sky130_fd_sc_hd__clkbuf_16)
                                         clknet_0_CLK (net)
                  0.08    0.00    0.14 ^ clkbuf_3_3__f_CLK/A (sky130_fd_sc_hd__clkbuf_16)
    12    0.07    0.09    0.18    0.32 ^ clkbuf_3_3__f_CLK/X (sky130_fd_sc_hd__clkbuf_16)
                                         clknet_3_3__leaf_CLK (net)
                  0.09    0.00    0.32 ^ clkbuf_leaf_59_CLK/A (sky130_fd_sc_hd__clkbuf_8)
    18    0.05    0.09    0.18    0.50 ^ clkbuf_leaf_59_CLK/X (sky130_fd_sc_hd__clkbuf_8)
                                         clknet_leaf_59_CLK (net)
                  0.09    0.00    0.50 ^ _9061_/CLK (sky130_fd_sc_hd__dfxtp_1)
     3    0.01    0.05    0.33    0.83 v _9061_/Q (sky130_fd_sc_hd__dfxtp_1)
                                         RF.registers[25][7] (net)
                  0.05    0.00    0.84 v _7441_/A1 (sky130_fd_sc_hd__mux2_1)
     1    0.00    0.06    0.30    1.13 v _7441_/X (sky130_fd_sc_hd__mux2_1)
                                         _3672_ (net)
                  0.06    0.00    1.13 v _7442_/A (sky130_fd_sc_hd__clkbuf_1)
     1    0.00    0.03    0.10    1.23 v _7442_/X (sky130_fd_sc_hd__clkbuf_1)
                                         _0221_ (net)
                  0.03    0.00    1.23 v _9061_/D (sky130_fd_sc_hd__dfxtp_1)
                                  1.23   data arrival time

                         10.00   10.00   clock CLK (rise edge)
                          0.00   10.00   clock source latency
     1    0.03    0.00    0.00   10.00 ^ CLK (in)
                                         CLK (net)
                  0.00    0.00   10.00 ^ clkbuf_0_CLK/A (sky130_fd_sc_hd__clkbuf_16)
     8    0.06    0.08    0.14   10.14 ^ clkbuf_0_CLK/X (sky130_fd_sc_hd__clkbuf_16)
                                         clknet_0_CLK (net)
                  0.08    0.00   10.14 ^ clkbuf_3_3__f_CLK/A (sky130_fd_sc_hd__clkbuf_16)
    12    0.07    0.09    0.18   10.32 ^ clkbuf_3_3__f_CLK/X (sky130_fd_sc_hd__clkbuf_16)
                                         clknet_3_3__leaf_CLK (net)
                  0.09    0.00   10.32 ^ clkbuf_leaf_59_CLK/A (sky130_fd_sc_hd__clkbuf_8)
    18    0.05    0.09    0.18   10.50 ^ clkbuf_leaf_59_CLK/X (sky130_fd_sc_hd__clkbuf_8)
                                         clknet_leaf_59_CLK (net)
                  0.09    0.00   10.50 ^ _9061_/CLK (sky130_fd_sc_hd__dfxtp_1)
                          0.00   10.50   clock reconvergence pessimism
                         -0.09   10.41   library setup time
                                 10.41   data required time
-----------------------------------------------------------------------------
                                 10.41   data required time
                                 -1.23   data arrival time
-----------------------------------------------------------------------------
                                  9.18   slack (MET)




===========================================================================
report_checks --slack_max -0.01
============================================================================
======================= Typical Corner ===================================

No paths found.


===========================================================================
 report_check_types -max_slew -max_cap -max_fanout -violators
============================================================================
======================= Typical Corner ===================================


max slew violations count Typical: 0
max fanout violations count Typical: 0
max cap violations count Typical: 0

===========================================================================
report_parasitic_annotation -report_unannotated
============================================================================
Found 94 unannotated drivers.
 clkload0/Y
 clkload1/Y
 clkload10/Y
 clkload11/Y
 clkload12/Y
 clkload13/Y
 clkload14/Y
 clkload15/Y
 clkload16/Y
 clkload17/Y
 clkload18/Y
 clkload19/Y
 clkload2/Y
 clkload20/Y
 clkload21/Y
 clkload22/Y
 clkload23/Y
 clkload24/Y
 clkload25/Y
 clkload26/Y
 clkload27/Y
 clkload28/Y
 clkload29/Y
 clkload3/Y
 clkload30/Y
 clkload31/Y
 clkload32/X
 clkload33/Y
 clkload34/Y
 clkload35/Y
 clkload36/Y
 clkload37/Y
 clkload38/Y
 clkload39/Y
 clkload4/Y
 clkload40/Y
 clkload41/Y
 clkload42/Y
 clkload43/Y
 clkload44/Y
 clkload45/Y
 clkload46/Y
 clkload47/Y
 clkload48/Y
 clkload49/Y
 clkload5/Y
 clkload50/Y
 clkload51/Y
 clkload52/Y
 clkload53/Y
 clkload54/Y
 clkload55/Y
 clkload56/Y
 clkload57/Y
 clkload58/Y
 clkload59/Y
 clkload6/Y
 clkload60/Y
 clkload61/Y
 clkload62/Y
 clkload63/Y
 clkload64/Y
 clkload65/Y
 clkload66/Y
 clkload67/X
 clkload68/Y
 clkload69/Y
 clkload7/Y
 clkload70/Y
 clkload71/Y
 clkload72/Y
 clkload73/Y
 clkload74/Y
 clkload75/Y
 clkload76/Y
 clkload77/X
 clkload78/Y
 clkload79/Y
 clkload8/Y
 clkload80/Y
 clkload81/Y
 clkload82/Y
 clkload83/Y
 clkload84/Y
 clkload85/Y
 clkload86/Y
 clkload87/X
 clkload88/Y
 clkload89/X
 clkload9/Y
 clkload90/Y
 clkload91/Y
 clkload92/Y
 clkload93/Y
Found 646 partially unannotated drivers.
 CLK
 _4269_/X
 _4270_/X
 _4271_/X
 _4272_/X
 _4273_/X
 _4279_/X
 _4280_/X
 _4281_/X
 _4282_/X
 _4284_/X
 _4285_/X
 _4286_/X
 _4288_/X
 _4291_/X
 _4294_/Y
 _4296_/X
 _4297_/X
 _4301_/X
 _4303_/Y
 _4304_/X
 _4305_/X
 _4309_/X
 _4310_/X
 _4311_/X
 _4315_/X
 _4316_/X
 _4317_/X
 _4322_/X
 _4325_/X
 _4331_/X
 _4332_/X
 _4333_/X
 _4334_/X
 _4337_/X
 _4348_/X
 _4349_/X
 _4351_/X
 _4363_/X
 _4370_/X
 _4371_/X
 _4388_/X
 _4389_/X
 _4390_/X
 _4391_/X
 _4392_/X
 _4393_/X
 _4395_/X
 _4396_/X
 _4410_/X
 _4413_/X
 _4414_/X
 _4415_/X
 _4416_/X
 _4417_/X
 _4419_/X
 _4422_/X
 _4424_/X
 _4425_/X
 _4426_/X
 _4428_/X
 _4431_/X
 _4433_/X
 _4434_/X
 _4435_/X
 _4436_/X
 _4437_/X
 _4438_/X
 _4439_/X
 _4442_/X
 _4443_/X
 _4445_/X
 _4447_/X
 _4448_/X
 _4449_/X
 _4455_/X
 _4457_/X
 _4458_/X
 _4459_/X
 _4461_/Y
 _4463_/X
 _4464_/X
 _4465_/X
 _4466_/X
 _4481_/Y
 _4485_/X
 _4498_/X
 _4500_/Y
 _4503_/X
 _4506_/X
 _4507_/X
 _4510_/X
 _4511_/X
 _4521_/X
 _4525_/X
 _4527_/X
 _4529_/X
 _4531_/X
 _4534_/X
 _4535_/X
 _4539_/X
 _4544_/X
 _4547_/X
 _4550_/X
 _4552_/X
 _4553_/X
 _4559_/X
 _4568_/X
 _4569_/X
 _4594_/X
 _4595_/X
 _4596_/X
 _4604_/X
 _4605_/X
 _4612_/X
 _4614_/X
 _4616_/X
 _4618_/X
 _4628_/X
 _4633_/X
 _4643_/Y
 _4665_/X
 _4666_/X
 _4674_/X
 _4681_/X
 _4690_/Y
 _4696_/X
 _4715_/X
 _4722_/X
 _4729_/X
 _4738_/Y
 _4746_/X
 _4766_/X
 _4768_/X
 _4772_/X
 _4775_/X
 _4816_/X
 _4822_/X
 _4836_/X
 _4842_/X
 _4869_/X
 _4876_/X
 _4882_/X
 _4883_/X
 _4884_/Y
 _4885_/X
 _4889_/Y
 _4899_/Y
 _4902_/X
 _4904_/X
 _4911_/Y
 _4912_/X
 _4913_/X
 _4914_/X
 _4915_/X
 _4916_/X
 _4917_/X
 _4918_/X
 _4919_/X
 _4920_/X
 _4921_/X
 _4922_/X
 _4923_/X
 _4924_/X
 _4925_/X
 _4926_/X
 _4928_/X
 _4929_/X
 _4930_/X
 _4933_/X
 _4934_/X
 _4935_/X
 _4936_/X
 _4937_/X
 _4940_/X
 _4941_/X
 _4943_/X
 _4944_/X
 _4945_/X
 _4946_/X
 _4947_/X
 _4949_/X
 _4950_/X
 _4951_/X
 _4952_/X
 _4955_/X
 _4956_/X
 _4957_/X
 _4960_/X
 _4961_/X
 _4964_/X
 _4965_/X
 _4966_/X
 _4967_/X
 _4970_/X
 _4973_/X
 _4975_/X
 _4977_/X
 _4978_/X
 _4979_/X
 _4982_/X
 _4983_/X
 _4988_/X
 _4989_/X
 _4998_/X
 _5001_/X
 _5002_/X
 _5010_/X
 _5011_/X
 _5012_/X
 _5017_/X
 _5021_/X
 _5023_/X
 _5026_/X
 _5028_/X
 _5032_/X
 _5036_/X
 _5038_/X
 _5042_/Y
 _5043_/X
 _5044_/X
 _5046_/Y
 _5047_/X
 _5055_/X
 _5064_/X
 _5066_/X
 _5067_/X
 _5071_/X
 _5072_/X
 _5073_/X
 _5082_/X
 _5083_/X
 _5086_/X
 _5093_/X
 _5102_/X
 _5108_/X
 _5109_/X
 _5118_/X
 _5121_/X
 _5125_/X
 _5127_/X
 _5128_/X
 _5133_/X
 _5140_/X
 _5142_/X
 _5145_/X
 _5148_/X
 _5162_/X
 _5163_/X
 _5164_/X
 _5167_/X
 _5177_/X
 _5182_/X
 _5184_/X
 _5186_/X
 _5202_/Y
 _5206_/X
 _5213_/X
 _5219_/X
 _5220_/X
 _5222_/X
 _5225_/X
 _5228_/X
 _5231_/X
 _5250_/X
 _5256_/X
 _5259_/X
 _5262_/X
 _5264_/X
 _5267_/X
 _5274_/X
 _5277_/Y
 _5281_/X
 _5282_/X
 _5283_/Y
 _5285_/X
 _5294_/X
 _5295_/X
 _5296_/X
 _5303_/X
 _5333_/X
 _5344_/X
 _5348_/X
 _5349_/X
 _5357_/X
 _5358_/X
 _5361_/X
 _5362_/X
 _5367_/Y
 _5375_/X
 _5391_/X
 _5395_/X
 _5396_/X
 _5401_/X
 _5404_/X
 _5413_/X
 _5419_/X
 _5422_/X
 _5437_/X
 _5447_/X
 _5448_/X
 _5454_/X
 _5464_/X
 _5466_/X
 _5470_/X
 _5496_/X
 _5497_/X
 _5515_/X
 _5516_/X
 _5546_/X
 _5549_/X
 _5571_/X
 _5577_/X
 _5579_/Y
 _5581_/Y
 _5582_/X
 _5592_/X
 _5608_/X
 _5609_/X
 _5618_/X
 _5627_/X
 _5630_/Y
 _5632_/X
 _5635_/X
 _5642_/X
 _5643_/X
 _5653_/X
 _5656_/X
 _5662_/X
 _5667_/X
 _5672_/X
 _5673_/X
 _5683_/X
 _5688_/X
 _5689_/X
 _5690_/X
 _5691_/X
 _5708_/X
 _5709_/X
 _5724_/X
 _5733_/X
 _5736_/X
 _5739_/X
 _5744_/X
 _5752_/X
 _5762_/X
 _5771_/X
 _5773_/Y
 _5774_/Y
 _5776_/X
 _5778_/X
 _5779_/X
 _5781_/X
 _5784_/X
 _5786_/X
 _5800_/X
 _5804_/X
 _5807_/X
 _5816_/X
 _5827_/X
 _5828_/X
 _5852_/X
 _5856_/X
 _5858_/Y
 _5874_/X
 _5875_/X
 _5876_/X
 _5880_/Y
 _5882_/Y
 _5892_/X
 _5914_/X
 _5933_/X
 _5939_/Y
 _5949_/X
 _5958_/X
 _5960_/X
 _5963_/X
 _5977_/X
 _5989_/X
 _5993_/X
 _5997_/Y
 _6001_/X
 _6011_/X
 _6015_/X
 _6044_/X
 _6060_/X
 _6061_/Y
 _6067_/X
 _6072_/X
 _6084_/X
 _6099_/X
 _6100_/X
 _6111_/X
 _6114_/X
 _6115_/X
 _6118_/X
 _6128_/X
 _6134_/Y
 _6137_/X
 _6145_/X
 _6150_/X
 _6155_/X
 _6179_/Y
 _6213_/X
 _6217_/X
 _6234_/X
 _6239_/X
 _6244_/X
 _6248_/X
 _6251_/Y
 _6264_/Y
 _6270_/Y
 _6273_/X
 _6277_/Y
 _6278_/X
 _6282_/Y
 _6283_/X
 _6298_/X
 _6301_/X
 _6305_/X
 _6311_/X
 _6314_/X
 _6329_/X
 _6332_/X
 _6335_/X
 _6336_/X
 _6354_/X
 _6357_/X
 _6363_/X
 _6367_/X
 _6370_/X
 _6382_/X
 _6403_/X
 _6406_/Y
 _6407_/X
 _6410_/X
 _6416_/X
 _6419_/X
 _6425_/X
 _6431_/X
 _6438_/X
 _6450_/X
 _6453_/X
 _6459_/X
 _6465_/X
 _6468_/X
 _6469_/X
 _6475_/X
 _6484_/X
 _6502_/Y
 _6503_/X
 _6524_/X
 _6545_/X
 _6572_/Y
 _6573_/X
 _6594_/X
 _6615_/X
 _6640_/Y
 _6641_/X
 _6662_/X
 _6683_/X
 _6708_/Y
 _6709_/X
 _6730_/X
 _6751_/X
 _6759_/X
 _6778_/X
 _6799_/X
 _6820_/X
 _6845_/Y
 _6846_/X
 _6867_/X
 _6888_/X
 _6913_/Y
 _6914_/X
 _6935_/X
 _6956_/X
 _6982_/Y
 _6983_/X
 _7004_/X
 _7025_/X
 _7041_/X
 _7044_/X
 _7047_/X
 _7056_/X
 _7057_/Y
 _7058_/X
 _7064_/X
 _7067_/X
 _7070_/X
 _7073_/X
 _7076_/X
 _7079_/X
 _7088_/X
 _7089_/X
 _7092_/X
 _7095_/X
 _7098_/X
 _7101_/X
 _7102_/X
 _7104_/X
 _7107_/X
 _7109_/X
 _7116_/X
 _7120_/X
 _7123_/X
 _7150_/Y
 _7151_/X
 _7172_/X
 _7193_/X
 _7220_/Y
 _7221_/X
 _7242_/X
 _7288_/Y
 _7289_/X
 _7310_/X
 _7331_/X
 _7357_/Y
 _7358_/X
 _7379_/X
 _7400_/X
 _7425_/Y
 _7426_/X
 _7447_/X
 _7468_/X
 _7493_/Y
 _7494_/X
 _7499_/X
 _7515_/X
 _7536_/X
 _7557_/X
 _7561_/Y
 _7562_/X
 _7583_/X
 _7629_/Y
 _7630_/X
 _7651_/X
 _7672_/X
 _7697_/Y
 _7698_/X
 _7719_/X
 _7740_/X
 _7765_/Y
 _7766_/X
 _7787_/X
 _7833_/Y
 _7834_/X
 _7855_/X
 _7876_/X
 _7901_/Y
 _7902_/X
 _7923_/X
 _7944_/X
 _7969_/Y
 _7970_/X
 _7991_/X
 _8038_/Y
 _8039_/X
 _8060_/X
 _8081_/X
 _8106_/Y
 _8107_/X
 _8128_/X
 _8149_/X
 _8174_/Y
 _8175_/X
 _8196_/X
 _8217_/X
 _8242_/Y
 _8243_/X
 _8264_/X
 _8285_/X
 _8310_/Y
 _8311_/X
 _8332_/X
 _8341_/X
 _8353_/X
 _8378_/Y
 _8379_/X
 _8400_/X
 _8420_/X
 _8421_/X
 _8446_/Y
 _8447_/X
 _8468_/X
 _8479_/X
 _8522_/X
 _8543_/X
 _8565_/X
 _8614_/Q
 _8620_/Q
 _8786_/Q
 _8890_/Q
 _8978_/Q
 _8985_/Q
 _9138_/Q
 _9145_/Q
 _9256_/Q
 _9301_/Q
 _9464_/Q
 clkbuf_0_CLK/X
 clkbuf_3_0__f_CLK/X
 clkbuf_3_1__f_CLK/X
 clkbuf_3_2__f_CLK/X
 clkbuf_3_3__f_CLK/X
 clkbuf_3_4__f_CLK/X
 clkbuf_3_5__f_CLK/X
 clkbuf_3_6__f_CLK/X
 clkbuf_3_7__f_CLK/X
 clkbuf_leaf_11_CLK/X
 clkbuf_leaf_12_CLK/X
 clkbuf_leaf_16_CLK/X
 clkbuf_leaf_19_CLK/X
 clkbuf_leaf_29_CLK/X
 clkbuf_leaf_36_CLK/X
 clkbuf_leaf_37_CLK/X
 clkbuf_leaf_3_CLK/X
 clkbuf_leaf_43_CLK/X
 clkbuf_leaf_46_CLK/X
 clkbuf_leaf_57_CLK/X
 clkbuf_leaf_66_CLK/X
 clkbuf_leaf_70_CLK/X
 clkbuf_leaf_78_CLK/X
 clkbuf_leaf_84_CLK/X
 clkbuf_leaf_92_CLK/X
 clkbuf_leaf_93_CLK/X
 clkbuf_leaf_98_CLK/X
 input12/X
 input17/X
 input18/X
 input23/X
 input26/X
 input27/X
 input28/X
 input29/X
 input3/X
 input30/X
 input31/X
 input32/X
 input33/X
 input34/X
 input35/X
 input4/X
 input42/X
 input48/X
 input8/X

===========================================================================
max slew violation count 0
max fanout violation count 0
max cap violation count 0
============================================================================

===========================================================================
check_setup -verbose -unconstrained_endpoints -multiple_clock -no_clock -no_input_delay -loops -generated_clocks
===========================================================================
Warning: There are 50 input ports missing set_input_delay.
  A1[0]
  A1[1]
  A1[2]
  A1[3]
  A1[4]
  A2[0]
  A2[1]
  A2[2]
  A2[3]
  A2[4]
  A3[0]
  A3[1]
  A3[2]
  A3[3]
  A3[4]
  WD3[0]
  WD3[10]
  WD3[11]
  WD3[12]
  WD3[13]
  WD3[14]
  WD3[15]
  WD3[16]
  WD3[17]
  WD3[18]
  WD3[19]
  WD3[1]
  WD3[20]
  WD3[21]
  WD3[22]
  WD3[23]
  WD3[24]
  WD3[25]
  WD3[26]
  WD3[27]
  WD3[28]
  WD3[29]
  WD3[2]
  WD3[30]
  WD3[31]
  WD3[3]
  WD3[4]
  WD3[5]
  WD3[6]
  WD3[7]
  WD3[8]
  WD3[9]
  WE3
  opcode[0]
  opcode[1]
Warning: There are 32 unconstrained endpoints.
  ALU_result[0]
  ALU_result[10]
  ALU_result[11]
  ALU_result[12]
  ALU_result[13]
  ALU_result[14]
  ALU_result[15]
  ALU_result[16]
  ALU_result[17]
  ALU_result[18]
  ALU_result[19]
  ALU_result[1]
  ALU_result[20]
  ALU_result[21]
  ALU_result[22]
  ALU_result[23]
  ALU_result[24]
  ALU_result[25]
  ALU_result[26]
  ALU_result[27]
  ALU_result[28]
  ALU_result[29]
  ALU_result[2]
  ALU_result[30]
  ALU_result[31]
  ALU_result[3]
  ALU_result[4]
  ALU_result[5]
  ALU_result[6]
  ALU_result[7]
  ALU_result[8]
  ALU_result[9]
