
===========================================================================
 report_power
============================================================================
======================= Fastest Corner ===================================

Group                  Internal  Switching    Leakage      Total
                          Power      Power      Power      Power (Watts)
----------------------------------------------------------------
Sequential             0.00e+00   0.00e+00   0.00e+00   0.00e+00   0.0%
Combinational          3.17e-05   5.06e-05   9.51e-10   8.23e-05 100.0%
Clock                  4.66e-10   0.00e+00   5.93e-10   1.06e-09   0.0%
Macro                  0.00e+00   0.00e+00   0.00e+00   0.00e+00   0.0%
Pad                    0.00e+00   0.00e+00   0.00e+00   0.00e+00   0.0%
----------------------------------------------------------------
Total                  3.17e-05   5.06e-05   1.54e-09   8.23e-05 100.0%
                          38.6%      61.4%       0.0%

======================= Slowest Corner ===================================

Group                  Internal  Switching    Leakage      Total
                          Power      Power      Power      Power (Watts)
----------------------------------------------------------------
Sequential             0.00e+00   0.00e+00   0.00e+00   0.00e+00   0.0%
Combinational          2.41e-05   3.37e-05   6.61e-07   5.85e-05 100.0%
Clock                 -2.78e-10   0.00e+00   5.95e-10   3.17e-10   0.0%
Macro                  0.00e+00   0.00e+00   0.00e+00   0.00e+00   0.0%
Pad                    0.00e+00   0.00e+00   0.00e+00   0.00e+00   0.0%
----------------------------------------------------------------
Total                  2.41e-05   3.37e-05   6.61e-07   5.85e-05 100.0%
                          41.3%      57.6%       1.1%

======================= Typical Corner ===================================

Group                  Internal  Switching    Leakage      Total
                          Power      Power      Power      Power (Watts)
----------------------------------------------------------------
Sequential             0.00e+00   0.00e+00   0.00e+00   0.00e+00   0.0%
Combinational          2.93e-05   4.28e-05   5.24e-10   7.21e-05 100.0%
Clock                 -9.74e-12   0.00e+00   5.93e-10   5.84e-10   0.0%
Macro                  0.00e+00   0.00e+00   0.00e+00   0.00e+00   0.0%
Pad                    0.00e+00   0.00e+00   0.00e+00   0.00e+00   0.0%
----------------------------------------------------------------
Total                  2.93e-05   4.28e-05   1.12e-09   7.21e-05 100.0%
                          40.6%      59.4%       0.0%

